2026-02-15 02:08:44,584 [ERROR] Handled Error: Error in create_loan: NOT NULL constraint failed: loans.amount
Details: Traceback (most recent call last):
  File "C:\Users\Pongo\downloads\koperasibyemergent\v1.7\koperasi_brimob\app\utils\decorators.py", line 14, in wrapper
    return func(*args, **kwargs)
           ^^^^^^^^^^^^^^^^^^^^^
  File "C:\Users\Pongo\downloads\koperasibyemergent\v1.7\koperasi_brimob\app\modules\loans.py", line 191, in create_loan
    cursor.execute(
sqlite3.IntegrityError: NOT NULL constraint failed: loans.amount

2026-02-15 02:09:46,795 [ERROR] Handled Error: Error in create_loan: NOT NULL constraint failed: loans.amount
Details: Traceback (most recent call last):
  File "C:\Users\Pongo\downloads\koperasibyemergent\v1.7\koperasi_brimob\app\utils\decorators.py", line 14, in wrapper
    return func(*args, **kwargs)
           ^^^^^^^^^^^^^^^^^^^^^
  File "C:\Users\Pongo\downloads\koperasibyemergent\v1.7\koperasi_brimob\app\modules\loans.py", line 191, in create_loan
    cursor.execute(
sqlite3.IntegrityError: NOT NULL constraint failed: loans.amount

2026-02-15 02:09:57,726 [ERROR] Handled Error: Error in create_loan: '<=' not supported between instances of 'NoneType' and 'int'
Details: Traceback (most recent call last):
  File "C:\Users\Pongo\downloads\koperasibyemergent\v1.7\koperasi_brimob\app\utils\decorators.py", line 14, in wrapper
    return func(*args, **kwargs)
           ^^^^^^^^^^^^^^^^^^^^^
  File "C:\Users\Pongo\downloads\koperasibyemergent\v1.7\koperasi_brimob\app\modules\loans.py", line 171, in create_loan
    sim = self.simulate_loan(amount, interest_rate, duration_months)
          ^^^^^^^^^^^^^^^^^^^^^^^^^^^^^^^^^^^^^^^^^^^^^^^^^^^^^^^^^^
  File "C:\Users\Pongo\downloads\koperasibyemergent\v1.7\koperasi_brimob\app\modules\loans.py", line 101, in simulate_loan
    if amount <= 0 or duration_months <= 0:
       ^^^^^^^^^^^
TypeError: '<=' not supported between instances of 'NoneType' and 'int'

2026-02-15 02:10:10,939 [ERROR] Handled Error: Error in add_member: database is locked
Details: Traceback (most recent call last):
  File "C:\Users\Pongo\downloads\koperasibyemergent\v1.7\koperasi_brimob\app\utils\decorators.py", line 14, in wrapper
    return func(*args, **kwargs)
           ^^^^^^^^^^^^^^^^^^^^^
  File "C:\Users\Pongo\downloads\koperasibyemergent\v1.7\koperasi_brimob\app\modules\members.py", line 170, in add_member
    cursor.execute(
sqlite3.OperationalError: database is locked

2026-02-15 02:10:23,754 [ERROR] Handled Error: Error in add_member: database is locked
Details: Traceback (most recent call last):
  File "C:\Users\Pongo\downloads\koperasibyemergent\v1.7\koperasi_brimob\app\utils\decorators.py", line 14, in wrapper
    return func(*args, **kwargs)
           ^^^^^^^^^^^^^^^^^^^^^
  File "C:\Users\Pongo\downloads\koperasibyemergent\v1.7\koperasi_brimob\app\modules\members.py", line 170, in add_member
    cursor.execute(
sqlite3.OperationalError: database is locked

2026-02-15 02:11:25,070 [ERROR] Handled Error: Error in create_loan: NOT NULL constraint failed: loans.amount
Details: Traceback (most recent call last):
  File "C:\Users\Pongo\downloads\koperasibyemergent\v1.7\koperasi_brimob\app\utils\decorators.py", line 14, in wrapper
    return func(*args, **kwargs)
           ^^^^^^^^^^^^^^^^^^^^^
  File "C:\Users\Pongo\downloads\koperasibyemergent\v1.7\koperasi_brimob\app\modules\loans.py", line 199, in create_loan
    cursor.execute(
sqlite3.IntegrityError: NOT NULL constraint failed: loans.amount

2026-02-15 02:12:46,000 [ERROR] Handled Error: Error in add_item: NOT NULL constraint failed: warehouse.name
Details: Traceback (most recent call last):
  File "C:\Users\Pongo\downloads\koperasibyemergent\v1.7\koperasi_brimob\app\utils\decorators.py", line 14, in wrapper
    return func(*args, **kwargs)
           ^^^^^^^^^^^^^^^^^^^^^
  File "C:\Users\Pongo\downloads\koperasibyemergent\v1.7\koperasi_brimob\app\modules\warehouse.py", line 98, in add_item
    cursor.execute(
sqlite3.IntegrityError: NOT NULL constraint failed: warehouse.name

