2026-02-15 02:41:23,111 [INFO] ==================================================
2026-02-15 02:41:23,111 [INFO] KOPERASI BRIMOB - SYSTEM DIAGNOSTIC PROTOCOL
2026-02-15 02:41:23,112 [INFO] ==================================================
2026-02-15 02:41:23,112 [INFO] [1/6] Gathering System Information...
2026-02-15 02:41:23,186 [INFO] OS: Windows 11 (10.0.26100)
2026-02-15 02:41:23,186 [INFO] Python: 3.12.5 (tags/v3.12.5:ff3bc82, Aug  6 2024, 20:45:27) [MSC v.1940 64 bit (AMD64)]
2026-02-15 02:41:23,186 [INFO] WorkDir: C:\Users\Pongo\downloads\koperasibyemergent\v1.7\koperasi_brimob
2026-02-15 02:41:23,186 [INFO] [2/6] Checking Critical Dependencies...
2026-02-15 02:41:24,385 [INFO] CustomTkinter version: 5.2.2
2026-02-15 02:41:24,385 [INFO] Critical dependencies found.
2026-02-15 02:41:24,386 [INFO] [3/6] Checking Internal Modules...
2026-02-15 02:41:24,409 [INFO] All internal modules imported successfully.
2026-02-15 02:41:24,410 [INFO] [4/6] Testing Database Connection...
2026-02-15 02:41:24,410 [INFO] Database path: C:\Users\Pongo\downloads\koperasibyemergent\v1.7\koperasi_brimob\koperasi_brimob.db
2026-02-15 02:41:24,412 [INFO] Found 10 tables: users, sqlite_sequence, warehouse, warehouse_mutation, members, transactions, loans, loan_payments, activity_logs, audit_log_immutable
2026-02-15 02:41:24,412 [INFO] All core tables are present.
2026-02-15 02:41:24,412 [INFO] [5/6] Checking File System Permissions...
2026-02-15 02:41:24,413 [INFO] Write permissions in logs directory: OK
2026-02-15 02:41:24,413 [INFO] Write permissions in DB directory (C:\Users\Pongo\downloads\koperasibyemergent\v1.7\koperasi_brimob): OK
2026-02-15 02:41:24,413 [INFO] [6/6] Checking UI Framework Initialization...
2026-02-15 02:41:24,600 [INFO] CustomTkinter root initialization: OK
2026-02-15 02:41:24,602 [INFO] ==================================================
2026-02-15 02:41:24,602 [INFO] DIAGNOSTIC SUMMARY
2026-02-15 02:41:24,602 [INFO] ==================================================
2026-02-15 02:41:24,603 [INFO] System Info              : PASS
2026-02-15 02:41:24,603 [INFO] Dependencies             : PASS
2026-02-15 02:41:24,603 [INFO] Module Imports           : PASS
2026-02-15 02:41:24,603 [INFO] Database Connection      : PASS
2026-02-15 02:41:24,604 [INFO] File Permissions         : PASS
2026-02-15 02:41:24,604 [INFO] UI Framework             : PASS
2026-02-15 02:41:24,604 [INFO] ==================================================
2026-02-15 02:41:24,604 [INFO] RESULT: SYSTEM HEALTHY
2026-02-15 02:41:24,605 [INFO] ==================================================
